// Jest Snapshot v1, https://goo.gl/fbAQLP

exports[`Team Team should render 1`] = `
ShallowWrapper {
  Symbol(enzyme.__root__): [Circular],
  Symbol(enzyme.__unrendered__): <Team
    columnClassName="col-12 col-sm- col-md"
    contentAlign="center"
    imageBorder={false}
    imageCircle={true}
    imageShadow={false}
    members={
      Array [
        Object {
          "image": "/images/team/ninja.svg",
          "job": "Ninja",
          "name": "Leonardo",
          "profile": Array [
            Object {
              "social": "facebook",
              "url": "https://www.facebook.com/JavaScriptTeam/",
            },
            Object {
              "social": "twitter",
              "url": "https://twitter.com/front10hello?lang=es",
            },
          ],
          "summary": "Leonardo, nickname Leo, is a fictional character and one of the four main characters in the Teenage Mutant Ninja Turtles comics and related media.",
        },
        Object {
          "image": "/images/team/bohemian.svg",
          "job": "Painter",
          "name": "Van Gogh",
          "profile": Array [
            Object {
              "social": "facebook",
              "url": "https://www.facebook.com/JavaScriptTeam/",
            },
            Object {
              "social": "email",
              "url": "https://front10.com",
            },
          ],
        },
      ]
    }
    shadow={false}
    showBorder={true}
    showImage={true}
    showJob={true}
    showName={true}
    showSummary={true}
    socialGray={false}
    topColor="transparent"
  />,
  Symbol(enzyme.__renderer__): Object {
    "batchedUpdates": [Function],
    "getNode": [Function],
    "render": [Function],
    "simulateError": [Function],
    "simulateEvent": [Function],
    "unmount": [Function],
  },
  Symbol(enzyme.__node__): Object {
    "instance": null,
    "key": undefined,
    "nodeType": "host",
    "props": Object {
      "children": Array [
        <div
          className="col-12 col-sm- col-md text-center mb-4 Team--center"
        >
          <div
            className="Team__Color"
          >
            <div
              className="Team__Color__Primary"
              style={
                Object {
                  "background": "transparent",
                }
              }
            />
          </div>
          <Card
            contentAlign="center"
            image="/images/team/ninja.svg"
            imageBorder={false}
            imageCircle={true}
            imageShadow={false}
            shadow={false}
            showBorder={true}
            subTitle="Ninja"
            summary="Leonardo, nickname Leo, is a fictional character and one of the four main characters in the Teenage Mutant Ninja Turtles comics and related media."
            summaryJustified={false}
            title="Leonardo"
          >
            <Social
              directLink={true}
              gray={false}
              rounded={true}
              type="facebook"
              url="https://www.facebook.com/JavaScriptTeam/"
            />
            <Social
              directLink={true}
              gray={false}
              rounded={true}
              type="twitter"
              url="https://twitter.com/front10hello?lang=es"
            />
          </Card>
        </div>,
        <div
          className="col-12 col-sm- col-md text-center mb-4 Team--center"
        >
          <div
            className="Team__Color"
          >
            <div
              className="Team__Color__Primary"
              style={
                Object {
                  "background": "transparent",
                }
              }
            />
          </div>
          <Card
            contentAlign="center"
            image="/images/team/bohemian.svg"
            imageBorder={false}
            imageCircle={true}
            imageShadow={false}
            shadow={false}
            showBorder={true}
            subTitle="Painter"
            summary=""
            summaryJustified={false}
            title="Van Gogh"
          >
            <Social
              directLink={true}
              gray={false}
              rounded={true}
              type="facebook"
              url="https://www.facebook.com/JavaScriptTeam/"
            />
            <Social
              directLink={true}
              gray={false}
              rounded={true}
              type="email"
              url="https://front10.com"
            />
          </Card>
        </div>,
      ],
      "className": "Team row",
    },
    "ref": null,
    "rendered": Array [
      Object {
        "instance": null,
        "key": "LeonardoNinja",
        "nodeType": "host",
        "props": Object {
          "children": Array [
            <div
              className="Team__Color"
            >
              <div
                className="Team__Color__Primary"
                style={
                  Object {
                    "background": "transparent",
                  }
                }
              />
            </div>,
            <Card
              contentAlign="center"
              image="/images/team/ninja.svg"
              imageBorder={false}
              imageCircle={true}
              imageShadow={false}
              shadow={false}
              showBorder={true}
              subTitle="Ninja"
              summary="Leonardo, nickname Leo, is a fictional character and one of the four main characters in the Teenage Mutant Ninja Turtles comics and related media."
              summaryJustified={false}
              title="Leonardo"
            >
              <Social
                directLink={true}
                gray={false}
                rounded={true}
                type="facebook"
                url="https://www.facebook.com/JavaScriptTeam/"
              />
              <Social
                directLink={true}
                gray={false}
                rounded={true}
                type="twitter"
                url="https://twitter.com/front10hello?lang=es"
              />
            </Card>,
          ],
          "className": "col-12 col-sm- col-md text-center mb-4 Team--center",
        },
        "ref": null,
        "rendered": Array [
          Object {
            "instance": null,
            "key": undefined,
            "nodeType": "host",
            "props": Object {
              "children": <div
                className="Team__Color__Primary"
                style={
                  Object {
                    "background": "transparent",
                  }
                }
              />,
              "className": "Team__Color",
            },
            "ref": null,
            "rendered": Object {
              "instance": null,
              "key": undefined,
              "nodeType": "host",
              "props": Object {
                "className": "Team__Color__Primary",
                "style": Object {
                  "background": "transparent",
                },
              },
              "ref": null,
              "rendered": null,
              "type": "div",
            },
            "type": "div",
          },
          Object {
            "instance": null,
            "key": undefined,
            "nodeType": "class",
            "props": Object {
              "children": Array [
                <Social
                  directLink={true}
                  gray={false}
                  rounded={true}
                  type="facebook"
                  url="https://www.facebook.com/JavaScriptTeam/"
                />,
                <Social
                  directLink={true}
                  gray={false}
                  rounded={true}
                  type="twitter"
                  url="https://twitter.com/front10hello?lang=es"
                />,
              ],
              "contentAlign": "center",
              "image": "/images/team/ninja.svg",
              "imageBorder": false,
              "imageCircle": true,
              "imageShadow": false,
              "shadow": false,
              "showBorder": true,
              "subTitle": "Ninja",
              "summary": "Leonardo, nickname Leo, is a fictional character and one of the four main characters in the Teenage Mutant Ninja Turtles comics and related media.",
              "summaryJustified": false,
              "title": "Leonardo",
            },
            "ref": null,
            "rendered": Array [
              Object {
                "instance": null,
                "key": "facebook",
                "nodeType": "class",
                "props": Object {
                  "directLink": true,
                  "gray": false,
                  "rounded": true,
                  "type": "facebook",
                  "url": "https://www.facebook.com/JavaScriptTeam/",
                },
                "ref": null,
                "rendered": null,
                "type": [Function],
              },
              Object {
                "instance": null,
                "key": "twitter",
                "nodeType": "class",
                "props": Object {
                  "directLink": true,
                  "gray": false,
                  "rounded": true,
                  "type": "twitter",
                  "url": "https://twitter.com/front10hello?lang=es",
                },
                "ref": null,
                "rendered": null,
                "type": [Function],
              },
            ],
            "type": [Function],
          },
        ],
        "type": "div",
      },
      Object {
        "instance": null,
        "key": "Van GoghPainter",
        "nodeType": "host",
        "props": Object {
          "children": Array [
            <div
              className="Team__Color"
            >
              <div
                className="Team__Color__Primary"
                style={
                  Object {
                    "background": "transparent",
                  }
                }
              />
            </div>,
            <Card
              contentAlign="center"
              image="/images/team/bohemian.svg"
              imageBorder={false}
              imageCircle={true}
              imageShadow={false}
              shadow={false}
              showBorder={true}
              subTitle="Painter"
              summary=""
              summaryJustified={false}
              title="Van Gogh"
            >
              <Social
                directLink={true}
                gray={false}
                rounded={true}
                type="facebook"
                url="https://www.facebook.com/JavaScriptTeam/"
              />
              <Social
                directLink={true}
                gray={false}
                rounded={true}
                type="email"
                url="https://front10.com"
              />
            </Card>,
          ],
          "className": "col-12 col-sm- col-md text-center mb-4 Team--center",
        },
        "ref": null,
        "rendered": Array [
          Object {
            "instance": null,
            "key": undefined,
            "nodeType": "host",
            "props": Object {
              "children": <div
                className="Team__Color__Primary"
                style={
                  Object {
                    "background": "transparent",
                  }
                }
              />,
              "className": "Team__Color",
            },
            "ref": null,
            "rendered": Object {
              "instance": null,
              "key": undefined,
              "nodeType": "host",
              "props": Object {
                "className": "Team__Color__Primary",
                "style": Object {
                  "background": "transparent",
                },
              },
              "ref": null,
              "rendered": null,
              "type": "div",
            },
            "type": "div",
          },
          Object {
            "instance": null,
            "key": undefined,
            "nodeType": "class",
            "props": Object {
              "children": Array [
                <Social
                  directLink={true}
                  gray={false}
                  rounded={true}
                  type="facebook"
                  url="https://www.facebook.com/JavaScriptTeam/"
                />,
                <Social
                  directLink={true}
                  gray={false}
                  rounded={true}
                  type="email"
                  url="https://front10.com"
                />,
              ],
              "contentAlign": "center",
              "image": "/images/team/bohemian.svg",
              "imageBorder": false,
              "imageCircle": true,
              "imageShadow": false,
              "shadow": false,
              "showBorder": true,
              "subTitle": "Painter",
              "summary": "",
              "summaryJustified": false,
              "title": "Van Gogh",
            },
            "ref": null,
            "rendered": Array [
              Object {
                "instance": null,
                "key": "facebook",
                "nodeType": "class",
                "props": Object {
                  "directLink": true,
                  "gray": false,
                  "rounded": true,
                  "type": "facebook",
                  "url": "https://www.facebook.com/JavaScriptTeam/",
                },
                "ref": null,
                "rendered": null,
                "type": [Function],
              },
              Object {
                "instance": null,
                "key": "email",
                "nodeType": "class",
                "props": Object {
                  "directLink": true,
                  "gray": false,
                  "rounded": true,
                  "type": "email",
                  "url": "https://front10.com",
                },
                "ref": null,
                "rendered": null,
                "type": [Function],
              },
            ],
            "type": [Function],
          },
        ],
        "type": "div",
      },
    ],
    "type": "div",
  },
  Symbol(enzyme.__nodes__): Array [
    Object {
      "instance": null,
      "key": undefined,
      "nodeType": "host",
      "props": Object {
        "children": Array [
          <div
            className="col-12 col-sm- col-md text-center mb-4 Team--center"
          >
            <div
              className="Team__Color"
            >
              <div
                className="Team__Color__Primary"
                style={
                  Object {
                    "background": "transparent",
                  }
                }
              />
            </div>
            <Card
              contentAlign="center"
              image="/images/team/ninja.svg"
              imageBorder={false}
              imageCircle={true}
              imageShadow={false}
              shadow={false}
              showBorder={true}
              subTitle="Ninja"
              summary="Leonardo, nickname Leo, is a fictional character and one of the four main characters in the Teenage Mutant Ninja Turtles comics and related media."
              summaryJustified={false}
              title="Leonardo"
            >
              <Social
                directLink={true}
                gray={false}
                rounded={true}
                type="facebook"
                url="https://www.facebook.com/JavaScriptTeam/"
              />
              <Social
                directLink={true}
                gray={false}
                rounded={true}
                type="twitter"
                url="https://twitter.com/front10hello?lang=es"
              />
            </Card>
          </div>,
          <div
            className="col-12 col-sm- col-md text-center mb-4 Team--center"
          >
            <div
              className="Team__Color"
            >
              <div
                className="Team__Color__Primary"
                style={
                  Object {
                    "background": "transparent",
                  }
                }
              />
            </div>
            <Card
              contentAlign="center"
              image="/images/team/bohemian.svg"
              imageBorder={false}
              imageCircle={true}
              imageShadow={false}
              shadow={false}
              showBorder={true}
              subTitle="Painter"
              summary=""
              summaryJustified={false}
              title="Van Gogh"
            >
              <Social
                directLink={true}
                gray={false}
                rounded={true}
                type="facebook"
                url="https://www.facebook.com/JavaScriptTeam/"
              />
              <Social
                directLink={true}
                gray={false}
                rounded={true}
                type="email"
                url="https://front10.com"
              />
            </Card>
          </div>,
        ],
        "className": "Team row",
      },
      "ref": null,
      "rendered": Array [
        Object {
          "instance": null,
          "key": "LeonardoNinja",
          "nodeType": "host",
          "props": Object {
            "children": Array [
              <div
                className="Team__Color"
              >
                <div
                  className="Team__Color__Primary"
                  style={
                    Object {
                      "background": "transparent",
                    }
                  }
                />
              </div>,
              <Card
                contentAlign="center"
                image="/images/team/ninja.svg"
                imageBorder={false}
                imageCircle={true}
                imageShadow={false}
                shadow={false}
                showBorder={true}
                subTitle="Ninja"
                summary="Leonardo, nickname Leo, is a fictional character and one of the four main characters in the Teenage Mutant Ninja Turtles comics and related media."
                summaryJustified={false}
                title="Leonardo"
              >
                <Social
                  directLink={true}
                  gray={false}
                  rounded={true}
                  type="facebook"
                  url="https://www.facebook.com/JavaScriptTeam/"
                />
                <Social
                  directLink={true}
                  gray={false}
                  rounded={true}
                  type="twitter"
                  url="https://twitter.com/front10hello?lang=es"
                />
              </Card>,
            ],
            "className": "col-12 col-sm- col-md text-center mb-4 Team--center",
          },
          "ref": null,
          "rendered": Array [
            Object {
              "instance": null,
              "key": undefined,
              "nodeType": "host",
              "props": Object {
                "children": <div
                  className="Team__Color__Primary"
                  style={
                    Object {
                      "background": "transparent",
                    }
                  }
                />,
                "className": "Team__Color",
              },
              "ref": null,
              "rendered": Object {
                "instance": null,
                "key": undefined,
                "nodeType": "host",
                "props": Object {
                  "className": "Team__Color__Primary",
                  "style": Object {
                    "background": "transparent",
                  },
                },
                "ref": null,
                "rendered": null,
                "type": "div",
              },
              "type": "div",
            },
            Object {
              "instance": null,
              "key": undefined,
              "nodeType": "class",
              "props": Object {
                "children": Array [
                  <Social
                    directLink={true}
                    gray={false}
                    rounded={true}
                    type="facebook"
                    url="https://www.facebook.com/JavaScriptTeam/"
                  />,
                  <Social
                    directLink={true}
                    gray={false}
                    rounded={true}
                    type="twitter"
                    url="https://twitter.com/front10hello?lang=es"
                  />,
                ],
                "contentAlign": "center",
                "image": "/images/team/ninja.svg",
                "imageBorder": false,
                "imageCircle": true,
                "imageShadow": false,
                "shadow": false,
                "showBorder": true,
                "subTitle": "Ninja",
                "summary": "Leonardo, nickname Leo, is a fictional character and one of the four main characters in the Teenage Mutant Ninja Turtles comics and related media.",
                "summaryJustified": false,
                "title": "Leonardo",
              },
              "ref": null,
              "rendered": Array [
                Object {
                  "instance": null,
                  "key": "facebook",
                  "nodeType": "class",
                  "props": Object {
                    "directLink": true,
                    "gray": false,
                    "rounded": true,
                    "type": "facebook",
                    "url": "https://www.facebook.com/JavaScriptTeam/",
                  },
                  "ref": null,
                  "rendered": null,
                  "type": [Function],
                },
                Object {
                  "instance": null,
                  "key": "twitter",
                  "nodeType": "class",
                  "props": Object {
                    "directLink": true,
                    "gray": false,
                    "rounded": true,
                    "type": "twitter",
                    "url": "https://twitter.com/front10hello?lang=es",
                  },
                  "ref": null,
                  "rendered": null,
                  "type": [Function],
                },
              ],
              "type": [Function],
            },
          ],
          "type": "div",
        },
        Object {
          "instance": null,
          "key": "Van GoghPainter",
          "nodeType": "host",
          "props": Object {
            "children": Array [
              <div
                className="Team__Color"
              >
                <div
                  className="Team__Color__Primary"
                  style={
                    Object {
                      "background": "transparent",
                    }
                  }
                />
              </div>,
              <Card
                contentAlign="center"
                image="/images/team/bohemian.svg"
                imageBorder={false}
                imageCircle={true}
                imageShadow={false}
                shadow={false}
                showBorder={true}
                subTitle="Painter"
                summary=""
                summaryJustified={false}
                title="Van Gogh"
              >
                <Social
                  directLink={true}
                  gray={false}
                  rounded={true}
                  type="facebook"
                  url="https://www.facebook.com/JavaScriptTeam/"
                />
                <Social
                  directLink={true}
                  gray={false}
                  rounded={true}
                  type="email"
                  url="https://front10.com"
                />
              </Card>,
            ],
            "className": "col-12 col-sm- col-md text-center mb-4 Team--center",
          },
          "ref": null,
          "rendered": Array [
            Object {
              "instance": null,
              "key": undefined,
              "nodeType": "host",
              "props": Object {
                "children": <div
                  className="Team__Color__Primary"
                  style={
                    Object {
                      "background": "transparent",
                    }
                  }
                />,
                "className": "Team__Color",
              },
              "ref": null,
              "rendered": Object {
                "instance": null,
                "key": undefined,
                "nodeType": "host",
                "props": Object {
                  "className": "Team__Color__Primary",
                  "style": Object {
                    "background": "transparent",
                  },
                },
                "ref": null,
                "rendered": null,
                "type": "div",
              },
              "type": "div",
            },
            Object {
              "instance": null,
              "key": undefined,
              "nodeType": "class",
              "props": Object {
                "children": Array [
                  <Social
                    directLink={true}
                    gray={false}
                    rounded={true}
                    type="facebook"
                    url="https://www.facebook.com/JavaScriptTeam/"
                  />,
                  <Social
                    directLink={true}
                    gray={false}
                    rounded={true}
                    type="email"
                    url="https://front10.com"
                  />,
                ],
                "contentAlign": "center",
                "image": "/images/team/bohemian.svg",
                "imageBorder": false,
                "imageCircle": true,
                "imageShadow": false,
                "shadow": false,
                "showBorder": true,
                "subTitle": "Painter",
                "summary": "",
                "summaryJustified": false,
                "title": "Van Gogh",
              },
              "ref": null,
              "rendered": Array [
                Object {
                  "instance": null,
                  "key": "facebook",
                  "nodeType": "class",
                  "props": Object {
                    "directLink": true,
                    "gray": false,
                    "rounded": true,
                    "type": "facebook",
                    "url": "https://www.facebook.com/JavaScriptTeam/",
                  },
                  "ref": null,
                  "rendered": null,
                  "type": [Function],
                },
                Object {
                  "instance": null,
                  "key": "email",
                  "nodeType": "class",
                  "props": Object {
                    "directLink": true,
                    "gray": false,
                    "rounded": true,
                    "type": "email",
                    "url": "https://front10.com",
                  },
                  "ref": null,
                  "rendered": null,
                  "type": [Function],
                },
              ],
              "type": [Function],
            },
          ],
          "type": "div",
        },
      ],
      "type": "div",
    },
  ],
  Symbol(enzyme.__options__): Object {
    "adapter": ReactSixteenAdapter {
      "options": Object {
        "enableComponentDidUpdateOnSetState": true,
        "lifecycles": Object {
          "componentDidUpdate": Object {
            "onSetState": true,
          },
          "getDerivedStateFromProps": true,
          "getSnapshotBeforeUpdate": true,
          "setState": Object {
            "skipsComponentDidUpdateOnNullish": true,
          },
        },
      },
    },
  },
}
`;
