// Jest Snapshot v1, https://goo.gl/fbAQLP

exports[`Card Card should render 1`] = `
ShallowWrapper {
  Symbol(enzyme.__root__): [Circular],
  Symbol(enzyme.__unrendered__): <Card
    contentAlign="center"
    image="/assets/images/team/astronaut.svg"
    imageBorder={false}
    imageCircle={true}
    imageShadow={false}
    shadow={false}
    showBorder={true}
    subTitle="asdsdad sadsd"
    summary="sdadasd"
    summaryJustified={false}
    title=""
  />,
  Symbol(enzyme.__renderer__): Object {
    "batchedUpdates": [Function],
    "getNode": [Function],
    "render": [Function],
    "simulateError": [Function],
    "simulateEvent": [Function],
    "unmount": [Function],
  },
  Symbol(enzyme.__node__): Object {
    "instance": null,
    "key": undefined,
    "nodeType": "host",
    "props": Object {
      "children": Array [
        <Image
          alt="Generic placeholder"
          border={false}
          className="img-fluid"
          imgFilter={null}
          rounded={true}
          shadow={false}
          src="/assets/images/team/astronaut.svg"
          tooltip=""
          width={undefined}
        />,
        <div
          className="card-body text-center"
        >
          
          <div
            className="Card__Subtitle mb-3"
          >
            asdsdad sadsd
          </div>
          <p
            className="Card__Summary m-0 "
          >
            sdadasd
          </p>
        </div>,
        null,
      ],
      "className": "card h-100 Card  ",
    },
    "ref": null,
    "rendered": Array [
      Object {
        "instance": null,
        "key": undefined,
        "nodeType": "class",
        "props": Object {
          "alt": "Generic placeholder",
          "border": false,
          "className": "img-fluid",
          "imgFilter": null,
          "rounded": true,
          "shadow": false,
          "src": "/assets/images/team/astronaut.svg",
          "tooltip": "",
          "width": undefined,
        },
        "ref": null,
        "rendered": null,
        "type": [Function],
      },
      Object {
        "instance": null,
        "key": undefined,
        "nodeType": "host",
        "props": Object {
          "children": Array [
            "",
            <div
              className="Card__Subtitle mb-3"
            >
              asdsdad sadsd
            </div>,
            <p
              className="Card__Summary m-0 "
            >
              sdadasd
            </p>,
          ],
          "className": "card-body text-center",
        },
        "ref": null,
        "rendered": Array [
          "",
          Object {
            "instance": null,
            "key": undefined,
            "nodeType": "host",
            "props": Object {
              "children": "asdsdad sadsd",
              "className": "Card__Subtitle mb-3",
            },
            "ref": null,
            "rendered": "asdsdad sadsd",
            "type": "div",
          },
          Object {
            "instance": null,
            "key": undefined,
            "nodeType": "host",
            "props": Object {
              "children": "sdadasd",
              "className": "Card__Summary m-0 ",
            },
            "ref": null,
            "rendered": "sdadasd",
            "type": "p",
          },
        ],
        "type": "div",
      },
      null,
    ],
    "type": "div",
  },
  Symbol(enzyme.__nodes__): Array [
    Object {
      "instance": null,
      "key": undefined,
      "nodeType": "host",
      "props": Object {
        "children": Array [
          <Image
            alt="Generic placeholder"
            border={false}
            className="img-fluid"
            imgFilter={null}
            rounded={true}
            shadow={false}
            src="/assets/images/team/astronaut.svg"
            tooltip=""
            width={undefined}
          />,
          <div
            className="card-body text-center"
          >
            
            <div
              className="Card__Subtitle mb-3"
            >
              asdsdad sadsd
            </div>
            <p
              className="Card__Summary m-0 "
            >
              sdadasd
            </p>
          </div>,
          null,
        ],
        "className": "card h-100 Card  ",
      },
      "ref": null,
      "rendered": Array [
        Object {
          "instance": null,
          "key": undefined,
          "nodeType": "class",
          "props": Object {
            "alt": "Generic placeholder",
            "border": false,
            "className": "img-fluid",
            "imgFilter": null,
            "rounded": true,
            "shadow": false,
            "src": "/assets/images/team/astronaut.svg",
            "tooltip": "",
            "width": undefined,
          },
          "ref": null,
          "rendered": null,
          "type": [Function],
        },
        Object {
          "instance": null,
          "key": undefined,
          "nodeType": "host",
          "props": Object {
            "children": Array [
              "",
              <div
                className="Card__Subtitle mb-3"
              >
                asdsdad sadsd
              </div>,
              <p
                className="Card__Summary m-0 "
              >
                sdadasd
              </p>,
            ],
            "className": "card-body text-center",
          },
          "ref": null,
          "rendered": Array [
            "",
            Object {
              "instance": null,
              "key": undefined,
              "nodeType": "host",
              "props": Object {
                "children": "asdsdad sadsd",
                "className": "Card__Subtitle mb-3",
              },
              "ref": null,
              "rendered": "asdsdad sadsd",
              "type": "div",
            },
            Object {
              "instance": null,
              "key": undefined,
              "nodeType": "host",
              "props": Object {
                "children": "sdadasd",
                "className": "Card__Summary m-0 ",
              },
              "ref": null,
              "rendered": "sdadasd",
              "type": "p",
            },
          ],
          "type": "div",
        },
        null,
      ],
      "type": "div",
    },
  ],
  Symbol(enzyme.__options__): Object {
    "adapter": ReactSixteenAdapter {
      "options": Object {
        "enableComponentDidUpdateOnSetState": true,
        "lifecycles": Object {
          "componentDidUpdate": Object {
            "onSetState": true,
          },
          "getDerivedStateFromProps": true,
          "getSnapshotBeforeUpdate": true,
          "setState": Object {
            "skipsComponentDidUpdateOnNullish": true,
          },
        },
      },
    },
  },
}
`;
