// Jest Snapshot v1, https://goo.gl/fbAQLP

exports[`Header Header should render 1`] = `
ReactWrapper {
  "length": 1,
  Symbol(enzyme.__unrendered__): <Header
    className=""
    companyLink=""
    companyLogo=""
    companyName=""
    expand="md"
    fixed={false}
    leftItems={Array []}
    onItemClick={[Function]}
    rightItems={Array []}
    transparent={false}
  />,
  Symbol(enzyme.__renderer__): Object {
    "batchedUpdates": [Function],
    "getNode": [Function],
    "render": [Function],
    "simulateEvent": [Function],
    "unmount": [Function],
  },
  Symbol(enzyme.__root__): [Circular],
  Symbol(enzyme.__node__): Object {
    "instance": Header {
      "_reactInternalFiber": FiberNode {
        "_debugID": 5,
        "_debugIsCurrentlyTiming": false,
        "_debugOwner": FiberNode {
          "_debugID": 4,
          "_debugIsCurrentlyTiming": false,
          "_debugOwner": null,
          "_debugSource": null,
          "actualDuration": 0,
          "actualStartTime": 0,
          "alternate": null,
          "child": [Circular],
          "effectTag": 1,
          "expirationTime": 0,
          "firstEffect": null,
          "index": 0,
          "key": null,
          "lastEffect": null,
          "memoizedProps": Object {
            "Component": [Function],
            "context": null,
            "props": Object {
              "className": "",
              "companyLink": "",
              "companyLogo": "",
              "companyName": "",
              "expand": "md",
              "fixed": false,
              "leftItems": Array [],
              "onItemClick": [Function],
              "rightItems": Array [],
              "transparent": false,
            },
          },
          "memoizedState": Object {
            "context": null,
            "mount": true,
            "props": Object {
              "className": "",
              "companyLink": "",
              "companyLogo": "",
              "companyName": "",
              "expand": "md",
              "fixed": false,
              "leftItems": Array [],
              "onItemClick": [Function],
              "rightItems": Array [],
              "transparent": false,
            },
          },
          "mode": 0,
          "nextEffect": null,
          "pendingProps": Object {
            "Component": [Function],
            "context": null,
            "props": Object {
              "className": "",
              "companyLink": "",
              "companyLogo": "",
              "companyName": "",
              "expand": "md",
              "fixed": false,
              "leftItems": Array [],
              "onItemClick": [Function],
              "rightItems": Array [],
              "transparent": false,
            },
          },
          "ref": null,
          "return": FiberNode {
            "_debugID": 1,
            "_debugIsCurrentlyTiming": false,
            "_debugOwner": null,
            "_debugSource": null,
            "actualDuration": 0,
            "actualStartTime": 0,
            "alternate": FiberNode {
              "_debugID": 1,
              "_debugIsCurrentlyTiming": false,
              "_debugOwner": null,
              "_debugSource": null,
              "actualDuration": 0,
              "actualStartTime": 0,
              "alternate": [Circular],
              "child": null,
              "effectTag": 0,
              "expirationTime": 1,
              "firstEffect": null,
              "index": 0,
              "key": null,
              "lastEffect": null,
              "memoizedProps": null,
              "memoizedState": null,
              "mode": 0,
              "nextEffect": null,
              "pendingProps": null,
              "ref": null,
              "return": null,
              "selfBaseTime": 0,
              "sibling": null,
              "stateNode": Object {
                "containerInfo": <div>
                  <nav
                    class=" navbar navbar-expand-md Header"
                  >
                    <button
                      aria-label="Toggle navigation"
                      class="navbar-toggler mr-3 Header__Toggler"
                      data-toggle="collapse"
                      type="button"
                    >
                      <i
                        class="fa fa-bars"
                      />
                    </button>
                    <a
                      class="navbar-brand mr-auto Header__Brand d-flex align-items-center"
                      href=""
                    >
                      
                      
                    </a>
                  </nav>
                </div>,
                "context": Object {},
                "current": [Circular],
                "earliestPendingTime": 0,
                "earliestSuspendedTime": 0,
                "finishedWork": null,
                "firstBatch": null,
                "hydrate": false,
                "latestPendingTime": 0,
                "latestPingedTime": 0,
                "latestSuspendedTime": 0,
                "nextScheduledRoot": null,
                "pendingChildren": null,
                "pendingCommitExpirationTime": 0,
                "pendingContext": null,
                "remainingExpirationTime": 0,
              },
              "tag": 3,
              "treeBaseTime": 0,
              "type": null,
              "updateQueue": Object {
                "baseState": null,
                "expirationTime": 1,
                "firstCapturedEffect": null,
                "firstCapturedUpdate": null,
                "firstEffect": null,
                "firstUpdate": Object {
                  "callback": null,
                  "expirationTime": 1,
                  "next": null,
                  "nextEffect": null,
                  "payload": Object {
                    "element": <WrapperComponent
                      Component={[Function]}
                      context={null}
                      props={
                        Object {
                          "className": "",
                          "companyLink": "",
                          "companyLogo": "",
                          "companyName": "",
                          "expand": "md",
                          "fixed": false,
                          "leftItems": Array [],
                          "onItemClick": [Function],
                          "rightItems": Array [],
                          "transparent": false,
                        }
                      }
                    />,
                  },
                  "tag": 0,
                },
                "lastCapturedEffect": null,
                "lastCapturedUpdate": null,
                "lastEffect": null,
                "lastUpdate": Object {
                  "callback": null,
                  "expirationTime": 1,
                  "next": null,
                  "nextEffect": null,
                  "payload": Object {
                    "element": <WrapperComponent
                      Component={[Function]}
                      context={null}
                      props={
                        Object {
                          "className": "",
                          "companyLink": "",
                          "companyLogo": "",
                          "companyName": "",
                          "expand": "md",
                          "fixed": false,
                          "leftItems": Array [],
                          "onItemClick": [Function],
                          "rightItems": Array [],
                          "transparent": false,
                        }
                      }
                    />,
                  },
                  "tag": 0,
                },
              },
            },
            "child": [Circular],
            "effectTag": 32,
            "expirationTime": 0,
            "firstEffect": [Circular],
            "index": 0,
            "key": null,
            "lastEffect": [Circular],
            "memoizedProps": null,
            "memoizedState": Object {
              "element": <WrapperComponent
                Component={[Function]}
                context={null}
                props={
                  Object {
                    "className": "",
                    "companyLink": "",
                    "companyLogo": "",
                    "companyName": "",
                    "expand": "md",
                    "fixed": false,
                    "leftItems": Array [],
                    "onItemClick": [Function],
                    "rightItems": Array [],
                    "transparent": false,
                  }
                }
              />,
            },
            "mode": 0,
            "nextEffect": null,
            "pendingProps": null,
            "ref": null,
            "return": null,
            "selfBaseTime": 0,
            "sibling": null,
            "stateNode": Object {
              "containerInfo": <div>
                <nav
                  class=" navbar navbar-expand-md Header"
                >
                  <button
                    aria-label="Toggle navigation"
                    class="navbar-toggler mr-3 Header__Toggler"
                    data-toggle="collapse"
                    type="button"
                  >
                    <i
                      class="fa fa-bars"
                    />
                  </button>
                  <a
                    class="navbar-brand mr-auto Header__Brand d-flex align-items-center"
                    href=""
                  >
                    
                    
                  </a>
                </nav>
              </div>,
              "context": Object {},
              "current": [Circular],
              "earliestPendingTime": 0,
              "earliestSuspendedTime": 0,
              "finishedWork": null,
              "firstBatch": null,
              "hydrate": false,
              "latestPendingTime": 0,
              "latestPingedTime": 0,
              "latestSuspendedTime": 0,
              "nextScheduledRoot": null,
              "pendingChildren": null,
              "pendingCommitExpirationTime": 0,
              "pendingContext": null,
              "remainingExpirationTime": 0,
            },
            "tag": 3,
            "treeBaseTime": 0,
            "type": null,
            "updateQueue": Object {
              "baseState": Object {
                "element": <WrapperComponent
                  Component={[Function]}
                  context={null}
                  props={
                    Object {
                      "className": "",
                      "companyLink": "",
                      "companyLogo": "",
                      "companyName": "",
                      "expand": "md",
                      "fixed": false,
                      "leftItems": Array [],
                      "onItemClick": [Function],
                      "rightItems": Array [],
                      "transparent": false,
                    }
                  }
                />,
              },
              "expirationTime": 0,
              "firstCapturedEffect": null,
              "firstCapturedUpdate": null,
              "firstEffect": null,
              "firstUpdate": null,
              "lastCapturedEffect": null,
              "lastCapturedUpdate": null,
              "lastEffect": null,
              "lastUpdate": null,
            },
          },
          "selfBaseTime": 0,
          "sibling": null,
          "stateNode": WrapperComponent {
            "_reactInternalFiber": [Circular],
            "_reactInternalInstance": Object {},
            "context": Object {},
            "props": Object {
              "Component": [Function],
              "context": null,
              "props": Object {
                "className": "",
                "companyLink": "",
                "companyLogo": "",
                "companyName": "",
                "expand": "md",
                "fixed": false,
                "leftItems": Array [],
                "onItemClick": [Function],
                "rightItems": Array [],
                "transparent": false,
              },
            },
            "refs": Object {},
            "state": Object {
              "context": null,
              "mount": true,
              "props": Object {
                "className": "",
                "companyLink": "",
                "companyLogo": "",
                "companyName": "",
                "expand": "md",
                "fixed": false,
                "leftItems": Array [],
                "onItemClick": [Function],
                "rightItems": Array [],
                "transparent": false,
              },
            },
            "updater": Object {
              "enqueueForceUpdate": [Function],
              "enqueueReplaceState": [Function],
              "enqueueSetState": [Function],
              "isMounted": [Function],
            },
          },
          "tag": 2,
          "treeBaseTime": 0,
          "type": [Function],
          "updateQueue": null,
        },
        "_debugSource": null,
        "actualDuration": 0,
        "actualStartTime": 0,
        "alternate": null,
        "child": FiberNode {
          "_debugID": 6,
          "_debugIsCurrentlyTiming": false,
          "_debugOwner": [Circular],
          "_debugSource": null,
          "actualDuration": 0,
          "actualStartTime": 0,
          "alternate": null,
          "child": FiberNode {
            "_debugID": 7,
            "_debugIsCurrentlyTiming": false,
            "_debugOwner": [Circular],
            "_debugSource": null,
            "actualDuration": 0,
            "actualStartTime": 0,
            "alternate": null,
            "child": FiberNode {
              "_debugID": 9,
              "_debugIsCurrentlyTiming": false,
              "_debugOwner": [Circular],
              "_debugSource": null,
              "actualDuration": 0,
              "actualStartTime": 0,
              "alternate": null,
              "child": null,
              "effectTag": 0,
              "expirationTime": 0,
              "firstEffect": null,
              "index": 0,
              "key": null,
              "lastEffect": null,
              "memoizedProps": Object {
                "className": "fa fa-bars",
              },
              "memoizedState": null,
              "mode": 0,
              "nextEffect": null,
              "pendingProps": Object {
                "className": "fa fa-bars",
              },
              "ref": null,
              "return": [Circular],
              "selfBaseTime": 0,
              "sibling": null,
              "stateNode": <i
                class="fa fa-bars"
              />,
              "tag": 5,
              "treeBaseTime": 0,
              "type": "i",
              "updateQueue": null,
            },
            "effectTag": 0,
            "expirationTime": 0,
            "firstEffect": null,
            "index": 0,
            "key": null,
            "lastEffect": null,
            "memoizedProps": Object {
              "aria-label": "Toggle navigation",
              "children": <i
                className="fa fa-bars"
              />,
              "className": "navbar-toggler mr-3 Header__Toggler",
              "data-toggle": "collapse",
              "onClick": [Function],
              "type": "button",
            },
            "memoizedState": null,
            "mode": 0,
            "nextEffect": null,
            "pendingProps": Object {
              "aria-label": "Toggle navigation",
              "children": <i
                className="fa fa-bars"
              />,
              "className": "navbar-toggler mr-3 Header__Toggler",
              "data-toggle": "collapse",
              "onClick": [Function],
              "type": "button",
            },
            "ref": null,
            "return": [Circular],
            "selfBaseTime": 0,
            "sibling": FiberNode {
              "_debugID": 8,
              "_debugIsCurrentlyTiming": false,
              "_debugOwner": [Circular],
              "_debugSource": null,
              "actualDuration": 0,
              "actualStartTime": 0,
              "alternate": null,
              "child": FiberNode {
                "_debugID": 10,
                "_debugIsCurrentlyTiming": false,
                "_debugOwner": null,
                "_debugSource": null,
                "actualDuration": 0,
                "actualStartTime": 0,
                "alternate": null,
                "child": null,
                "effectTag": 0,
                "expirationTime": 0,
                "firstEffect": null,
                "index": 0,
                "key": null,
                "lastEffect": null,
                "memoizedProps": "",
                "memoizedState": null,
                "mode": 0,
                "nextEffect": null,
                "pendingProps": "",
                "ref": null,
                "return": [Circular],
                "selfBaseTime": 0,
                "sibling": FiberNode {
                  "_debugID": 11,
                  "_debugIsCurrentlyTiming": false,
                  "_debugOwner": null,
                  "_debugSource": null,
                  "actualDuration": 0,
                  "actualStartTime": 0,
                  "alternate": null,
                  "child": null,
                  "effectTag": 0,
                  "expirationTime": 0,
                  "firstEffect": null,
                  "index": 1,
                  "key": null,
                  "lastEffect": null,
                  "memoizedProps": "",
                  "memoizedState": null,
                  "mode": 0,
                  "nextEffect": null,
                  "pendingProps": "",
                  "ref": null,
                  "return": [Circular],
                  "selfBaseTime": 0,
                  "sibling": null,
                  "stateNode": ,
                  "tag": 6,
                  "treeBaseTime": 0,
                  "type": null,
                  "updateQueue": null,
                },
                "stateNode": ,
                "tag": 6,
                "treeBaseTime": 0,
                "type": null,
                "updateQueue": null,
              },
              "effectTag": 0,
              "expirationTime": 0,
              "firstEffect": null,
              "index": 1,
              "key": null,
              "lastEffect": null,
              "memoizedProps": Object {
                "children": Array [
                  "",
                  "",
                ],
                "className": "navbar-brand mr-auto Header__Brand d-flex align-items-center",
                "href": "",
              },
              "memoizedState": null,
              "mode": 0,
              "nextEffect": null,
              "pendingProps": Object {
                "children": Array [
                  "",
                  "",
                ],
                "className": "navbar-brand mr-auto Header__Brand d-flex align-items-center",
                "href": "",
              },
              "ref": null,
              "return": [Circular],
              "selfBaseTime": 0,
              "sibling": null,
              "stateNode": <a
                class="navbar-brand mr-auto Header__Brand d-flex align-items-center"
                href=""
              >
                
                
              </a>,
              "tag": 5,
              "treeBaseTime": 0,
              "type": "a",
              "updateQueue": null,
            },
            "stateNode": <button
              aria-label="Toggle navigation"
              class="navbar-toggler mr-3 Header__Toggler"
              data-toggle="collapse"
              type="button"
            >
              <i
                class="fa fa-bars"
              />
            </button>,
            "tag": 5,
            "treeBaseTime": 0,
            "type": "button",
            "updateQueue": null,
          },
          "effectTag": 0,
          "expirationTime": 0,
          "firstEffect": null,
          "index": 0,
          "key": null,
          "lastEffect": null,
          "memoizedProps": Object {
            "children": Array [
              <button
                aria-label="Toggle navigation"
                className="navbar-toggler mr-3 Header__Toggler"
                data-toggle="collapse"
                onClick={[Function]}
                type="button"
              >
                <i
                  className="fa fa-bars"
                />
              </button>,
              <a
                className="navbar-brand mr-auto Header__Brand d-flex align-items-center"
                href=""
              >
                
                
              </a>,
              false,
              false,
              undefined,
            ],
            "className": " navbar navbar-expand-md Header",
          },
          "memoizedState": null,
          "mode": 0,
          "nextEffect": null,
          "pendingProps": Object {
            "children": Array [
              <button
                aria-label="Toggle navigation"
                className="navbar-toggler mr-3 Header__Toggler"
                data-toggle="collapse"
                onClick={[Function]}
                type="button"
              >
                <i
                  className="fa fa-bars"
                />
              </button>,
              <a
                className="navbar-brand mr-auto Header__Brand d-flex align-items-center"
                href=""
              >
                
                
              </a>,
              false,
              false,
              undefined,
            ],
            "className": " navbar navbar-expand-md Header",
          },
          "ref": null,
          "return": [Circular],
          "selfBaseTime": 0,
          "sibling": null,
          "stateNode": <nav
            class=" navbar navbar-expand-md Header"
          >
            <button
              aria-label="Toggle navigation"
              class="navbar-toggler mr-3 Header__Toggler"
              data-toggle="collapse"
              type="button"
            >
              <i
                class="fa fa-bars"
              />
            </button>
            <a
              class="navbar-brand mr-auto Header__Brand d-flex align-items-center"
              href=""
            >
              
              
            </a>
          </nav>,
          "tag": 5,
          "treeBaseTime": 0,
          "type": "nav",
          "updateQueue": null,
        },
        "effectTag": 1,
        "expirationTime": 0,
        "firstEffect": null,
        "index": 0,
        "key": null,
        "lastEffect": null,
        "memoizedProps": Object {
          "className": "",
          "companyLink": "",
          "companyLogo": "",
          "companyName": "",
          "expand": "md",
          "fixed": false,
          "leftItems": Array [],
          "onItemClick": [Function],
          "rightItems": Array [],
          "transparent": false,
        },
        "memoizedState": Object {
          "collapse": false,
        },
        "mode": 0,
        "nextEffect": null,
        "pendingProps": Object {
          "className": "",
          "companyLink": "",
          "companyLogo": "",
          "companyName": "",
          "expand": "md",
          "fixed": false,
          "leftItems": Array [],
          "onItemClick": [Function],
          "rightItems": Array [],
          "transparent": false,
        },
        "ref": null,
        "return": FiberNode {
          "_debugID": 4,
          "_debugIsCurrentlyTiming": false,
          "_debugOwner": null,
          "_debugSource": null,
          "actualDuration": 0,
          "actualStartTime": 0,
          "alternate": null,
          "child": [Circular],
          "effectTag": 1,
          "expirationTime": 0,
          "firstEffect": null,
          "index": 0,
          "key": null,
          "lastEffect": null,
          "memoizedProps": Object {
            "Component": [Function],
            "context": null,
            "props": Object {
              "className": "",
              "companyLink": "",
              "companyLogo": "",
              "companyName": "",
              "expand": "md",
              "fixed": false,
              "leftItems": Array [],
              "onItemClick": [Function],
              "rightItems": Array [],
              "transparent": false,
            },
          },
          "memoizedState": Object {
            "context": null,
            "mount": true,
            "props": Object {
              "className": "",
              "companyLink": "",
              "companyLogo": "",
              "companyName": "",
              "expand": "md",
              "fixed": false,
              "leftItems": Array [],
              "onItemClick": [Function],
              "rightItems": Array [],
              "transparent": false,
            },
          },
          "mode": 0,
          "nextEffect": null,
          "pendingProps": Object {
            "Component": [Function],
            "context": null,
            "props": Object {
              "className": "",
              "companyLink": "",
              "companyLogo": "",
              "companyName": "",
              "expand": "md",
              "fixed": false,
              "leftItems": Array [],
              "onItemClick": [Function],
              "rightItems": Array [],
              "transparent": false,
            },
          },
          "ref": null,
          "return": FiberNode {
            "_debugID": 1,
            "_debugIsCurrentlyTiming": false,
            "_debugOwner": null,
            "_debugSource": null,
            "actualDuration": 0,
            "actualStartTime": 0,
            "alternate": FiberNode {
              "_debugID": 1,
              "_debugIsCurrentlyTiming": false,
              "_debugOwner": null,
              "_debugSource": null,
              "actualDuration": 0,
              "actualStartTime": 0,
              "alternate": [Circular],
              "child": null,
              "effectTag": 0,
              "expirationTime": 1,
              "firstEffect": null,
              "index": 0,
              "key": null,
              "lastEffect": null,
              "memoizedProps": null,
              "memoizedState": null,
              "mode": 0,
              "nextEffect": null,
              "pendingProps": null,
              "ref": null,
              "return": null,
              "selfBaseTime": 0,
              "sibling": null,
              "stateNode": Object {
                "containerInfo": <div>
                  <nav
                    class=" navbar navbar-expand-md Header"
                  >
                    <button
                      aria-label="Toggle navigation"
                      class="navbar-toggler mr-3 Header__Toggler"
                      data-toggle="collapse"
                      type="button"
                    >
                      <i
                        class="fa fa-bars"
                      />
                    </button>
                    <a
                      class="navbar-brand mr-auto Header__Brand d-flex align-items-center"
                      href=""
                    >
                      
                      
                    </a>
                  </nav>
                </div>,
                "context": Object {},
                "current": [Circular],
                "earliestPendingTime": 0,
                "earliestSuspendedTime": 0,
                "finishedWork": null,
                "firstBatch": null,
                "hydrate": false,
                "latestPendingTime": 0,
                "latestPingedTime": 0,
                "latestSuspendedTime": 0,
                "nextScheduledRoot": null,
                "pendingChildren": null,
                "pendingCommitExpirationTime": 0,
                "pendingContext": null,
                "remainingExpirationTime": 0,
              },
              "tag": 3,
              "treeBaseTime": 0,
              "type": null,
              "updateQueue": Object {
                "baseState": null,
                "expirationTime": 1,
                "firstCapturedEffect": null,
                "firstCapturedUpdate": null,
                "firstEffect": null,
                "firstUpdate": Object {
                  "callback": null,
                  "expirationTime": 1,
                  "next": null,
                  "nextEffect": null,
                  "payload": Object {
                    "element": <WrapperComponent
                      Component={[Function]}
                      context={null}
                      props={
                        Object {
                          "className": "",
                          "companyLink": "",
                          "companyLogo": "",
                          "companyName": "",
                          "expand": "md",
                          "fixed": false,
                          "leftItems": Array [],
                          "onItemClick": [Function],
                          "rightItems": Array [],
                          "transparent": false,
                        }
                      }
                    />,
                  },
                  "tag": 0,
                },
                "lastCapturedEffect": null,
                "lastCapturedUpdate": null,
                "lastEffect": null,
                "lastUpdate": Object {
                  "callback": null,
                  "expirationTime": 1,
                  "next": null,
                  "nextEffect": null,
                  "payload": Object {
                    "element": <WrapperComponent
                      Component={[Function]}
                      context={null}
                      props={
                        Object {
                          "className": "",
                          "companyLink": "",
                          "companyLogo": "",
                          "companyName": "",
                          "expand": "md",
                          "fixed": false,
                          "leftItems": Array [],
                          "onItemClick": [Function],
                          "rightItems": Array [],
                          "transparent": false,
                        }
                      }
                    />,
                  },
                  "tag": 0,
                },
              },
            },
            "child": [Circular],
            "effectTag": 32,
            "expirationTime": 0,
            "firstEffect": [Circular],
            "index": 0,
            "key": null,
            "lastEffect": [Circular],
            "memoizedProps": null,
            "memoizedState": Object {
              "element": <WrapperComponent
                Component={[Function]}
                context={null}
                props={
                  Object {
                    "className": "",
                    "companyLink": "",
                    "companyLogo": "",
                    "companyName": "",
                    "expand": "md",
                    "fixed": false,
                    "leftItems": Array [],
                    "onItemClick": [Function],
                    "rightItems": Array [],
                    "transparent": false,
                  }
                }
              />,
            },
            "mode": 0,
            "nextEffect": null,
            "pendingProps": null,
            "ref": null,
            "return": null,
            "selfBaseTime": 0,
            "sibling": null,
            "stateNode": Object {
              "containerInfo": <div>
                <nav
                  class=" navbar navbar-expand-md Header"
                >
                  <button
                    aria-label="Toggle navigation"
                    class="navbar-toggler mr-3 Header__Toggler"
                    data-toggle="collapse"
                    type="button"
                  >
                    <i
                      class="fa fa-bars"
                    />
                  </button>
                  <a
                    class="navbar-brand mr-auto Header__Brand d-flex align-items-center"
                    href=""
                  >
                    
                    
                  </a>
                </nav>
              </div>,
              "context": Object {},
              "current": [Circular],
              "earliestPendingTime": 0,
              "earliestSuspendedTime": 0,
              "finishedWork": null,
              "firstBatch": null,
              "hydrate": false,
              "latestPendingTime": 0,
              "latestPingedTime": 0,
              "latestSuspendedTime": 0,
              "nextScheduledRoot": null,
              "pendingChildren": null,
              "pendingCommitExpirationTime": 0,
              "pendingContext": null,
              "remainingExpirationTime": 0,
            },
            "tag": 3,
            "treeBaseTime": 0,
            "type": null,
            "updateQueue": Object {
              "baseState": Object {
                "element": <WrapperComponent
                  Component={[Function]}
                  context={null}
                  props={
                    Object {
                      "className": "",
                      "companyLink": "",
                      "companyLogo": "",
                      "companyName": "",
                      "expand": "md",
                      "fixed": false,
                      "leftItems": Array [],
                      "onItemClick": [Function],
                      "rightItems": Array [],
                      "transparent": false,
                    }
                  }
                />,
              },
              "expirationTime": 0,
              "firstCapturedEffect": null,
              "firstCapturedUpdate": null,
              "firstEffect": null,
              "firstUpdate": null,
              "lastCapturedEffect": null,
              "lastCapturedUpdate": null,
              "lastEffect": null,
              "lastUpdate": null,
            },
          },
          "selfBaseTime": 0,
          "sibling": null,
          "stateNode": WrapperComponent {
            "_reactInternalFiber": [Circular],
            "_reactInternalInstance": Object {},
            "context": Object {},
            "props": Object {
              "Component": [Function],
              "context": null,
              "props": Object {
                "className": "",
                "companyLink": "",
                "companyLogo": "",
                "companyName": "",
                "expand": "md",
                "fixed": false,
                "leftItems": Array [],
                "onItemClick": [Function],
                "rightItems": Array [],
                "transparent": false,
              },
            },
            "refs": Object {},
            "state": Object {
              "context": null,
              "mount": true,
              "props": Object {
                "className": "",
                "companyLink": "",
                "companyLogo": "",
                "companyName": "",
                "expand": "md",
                "fixed": false,
                "leftItems": Array [],
                "onItemClick": [Function],
                "rightItems": Array [],
                "transparent": false,
              },
            },
            "updater": Object {
              "enqueueForceUpdate": [Function],
              "enqueueReplaceState": [Function],
              "enqueueSetState": [Function],
              "isMounted": [Function],
            },
          },
          "tag": 2,
          "treeBaseTime": 0,
          "type": [Function],
          "updateQueue": null,
        },
        "selfBaseTime": 0,
        "sibling": null,
        "stateNode": [Circular],
        "tag": 2,
        "treeBaseTime": 0,
        "type": [Function],
        "updateQueue": Object {
          "baseState": Object {
            "collapse": false,
          },
          "expirationTime": 0,
          "firstCapturedEffect": null,
          "firstCapturedUpdate": null,
          "firstEffect": null,
          "firstUpdate": null,
          "lastCapturedEffect": null,
          "lastCapturedUpdate": null,
          "lastEffect": null,
          "lastUpdate": null,
        },
      },
      "_reactInternalInstance": Object {},
      "collapse": [Function],
      "context": Object {},
      "props": Object {
        "className": "",
        "companyLink": "",
        "companyLogo": "",
        "companyName": "",
        "expand": "md",
        "fixed": false,
        "leftItems": Array [],
        "onItemClick": [Function],
        "rightItems": Array [],
        "transparent": false,
      },
      "refs": Object {},
      "state": Object {
        "collapse": false,
      },
      "updater": Object {
        "enqueueForceUpdate": [Function],
        "enqueueReplaceState": [Function],
        "enqueueSetState": [Function],
        "isMounted": [Function],
      },
    },
    "key": undefined,
    "nodeType": "class",
    "props": Object {
      "className": "",
      "companyLink": "",
      "companyLogo": "",
      "companyName": "",
      "expand": "md",
      "fixed": false,
      "leftItems": Array [],
      "onItemClick": [Function],
      "rightItems": Array [],
      "transparent": false,
    },
    "ref": null,
    "rendered": Object {
      "instance": <nav
        class=" navbar navbar-expand-md Header"
      >
        <button
          aria-label="Toggle navigation"
          class="navbar-toggler mr-3 Header__Toggler"
          data-toggle="collapse"
          type="button"
        >
          <i
            class="fa fa-bars"
          />
        </button>
        <a
          class="navbar-brand mr-auto Header__Brand d-flex align-items-center"
          href=""
        >
          
          
        </a>
      </nav>,
      "key": undefined,
      "nodeType": "host",
      "props": Object {
        "children": Array [
          <button
            aria-label="Toggle navigation"
            className="navbar-toggler mr-3 Header__Toggler"
            data-toggle="collapse"
            onClick={[Function]}
            type="button"
          >
            <i
              className="fa fa-bars"
            />
          </button>,
          <a
            className="navbar-brand mr-auto Header__Brand d-flex align-items-center"
            href=""
          >
            
            
          </a>,
          false,
          false,
          undefined,
        ],
        "className": " navbar navbar-expand-md Header",
      },
      "ref": null,
      "rendered": Array [
        Object {
          "instance": <button
            aria-label="Toggle navigation"
            class="navbar-toggler mr-3 Header__Toggler"
            data-toggle="collapse"
            type="button"
          >
            <i
              class="fa fa-bars"
            />
          </button>,
          "key": undefined,
          "nodeType": "host",
          "props": Object {
            "aria-label": "Toggle navigation",
            "children": <i
              className="fa fa-bars"
            />,
            "className": "navbar-toggler mr-3 Header__Toggler",
            "data-toggle": "collapse",
            "onClick": [Function],
            "type": "button",
          },
          "ref": null,
          "rendered": Array [
            Object {
              "instance": <i
                class="fa fa-bars"
              />,
              "key": undefined,
              "nodeType": "host",
              "props": Object {
                "className": "fa fa-bars",
              },
              "ref": null,
              "rendered": Array [
                undefined,
              ],
              "type": "i",
            },
          ],
          "type": "button",
        },
        Object {
          "instance": <a
            class="navbar-brand mr-auto Header__Brand d-flex align-items-center"
            href=""
          >
            
            
          </a>,
          "key": undefined,
          "nodeType": "host",
          "props": Object {
            "children": Array [
              "",
              "",
            ],
            "className": "navbar-brand mr-auto Header__Brand d-flex align-items-center",
            "href": "",
          },
          "ref": null,
          "rendered": Array [
            "",
            "",
          ],
          "type": "a",
        },
      ],
      "type": "nav",
    },
    "type": [Function],
  },
  Symbol(enzyme.__nodes__): Array [
    Object {
      "instance": Header {
        "_reactInternalFiber": FiberNode {
          "_debugID": 5,
          "_debugIsCurrentlyTiming": false,
          "_debugOwner": FiberNode {
            "_debugID": 4,
            "_debugIsCurrentlyTiming": false,
            "_debugOwner": null,
            "_debugSource": null,
            "actualDuration": 0,
            "actualStartTime": 0,
            "alternate": null,
            "child": [Circular],
            "effectTag": 1,
            "expirationTime": 0,
            "firstEffect": null,
            "index": 0,
            "key": null,
            "lastEffect": null,
            "memoizedProps": Object {
              "Component": [Function],
              "context": null,
              "props": Object {
                "className": "",
                "companyLink": "",
                "companyLogo": "",
                "companyName": "",
                "expand": "md",
                "fixed": false,
                "leftItems": Array [],
                "onItemClick": [Function],
                "rightItems": Array [],
                "transparent": false,
              },
            },
            "memoizedState": Object {
              "context": null,
              "mount": true,
              "props": Object {
                "className": "",
                "companyLink": "",
                "companyLogo": "",
                "companyName": "",
                "expand": "md",
                "fixed": false,
                "leftItems": Array [],
                "onItemClick": [Function],
                "rightItems": Array [],
                "transparent": false,
              },
            },
            "mode": 0,
            "nextEffect": null,
            "pendingProps": Object {
              "Component": [Function],
              "context": null,
              "props": Object {
                "className": "",
                "companyLink": "",
                "companyLogo": "",
                "companyName": "",
                "expand": "md",
                "fixed": false,
                "leftItems": Array [],
                "onItemClick": [Function],
                "rightItems": Array [],
                "transparent": false,
              },
            },
            "ref": null,
            "return": FiberNode {
              "_debugID": 1,
              "_debugIsCurrentlyTiming": false,
              "_debugOwner": null,
              "_debugSource": null,
              "actualDuration": 0,
              "actualStartTime": 0,
              "alternate": FiberNode {
                "_debugID": 1,
                "_debugIsCurrentlyTiming": false,
                "_debugOwner": null,
                "_debugSource": null,
                "actualDuration": 0,
                "actualStartTime": 0,
                "alternate": [Circular],
                "child": null,
                "effectTag": 0,
                "expirationTime": 1,
                "firstEffect": null,
                "index": 0,
                "key": null,
                "lastEffect": null,
                "memoizedProps": null,
                "memoizedState": null,
                "mode": 0,
                "nextEffect": null,
                "pendingProps": null,
                "ref": null,
                "return": null,
                "selfBaseTime": 0,
                "sibling": null,
                "stateNode": Object {
                  "containerInfo": <div>
                    <nav
                      class=" navbar navbar-expand-md Header"
                    >
                      <button
                        aria-label="Toggle navigation"
                        class="navbar-toggler mr-3 Header__Toggler"
                        data-toggle="collapse"
                        type="button"
                      >
                        <i
                          class="fa fa-bars"
                        />
                      </button>
                      <a
                        class="navbar-brand mr-auto Header__Brand d-flex align-items-center"
                        href=""
                      >
                        
                        
                      </a>
                    </nav>
                  </div>,
                  "context": Object {},
                  "current": [Circular],
                  "earliestPendingTime": 0,
                  "earliestSuspendedTime": 0,
                  "finishedWork": null,
                  "firstBatch": null,
                  "hydrate": false,
                  "latestPendingTime": 0,
                  "latestPingedTime": 0,
                  "latestSuspendedTime": 0,
                  "nextScheduledRoot": null,
                  "pendingChildren": null,
                  "pendingCommitExpirationTime": 0,
                  "pendingContext": null,
                  "remainingExpirationTime": 0,
                },
                "tag": 3,
                "treeBaseTime": 0,
                "type": null,
                "updateQueue": Object {
                  "baseState": null,
                  "expirationTime": 1,
                  "firstCapturedEffect": null,
                  "firstCapturedUpdate": null,
                  "firstEffect": null,
                  "firstUpdate": Object {
                    "callback": null,
                    "expirationTime": 1,
                    "next": null,
                    "nextEffect": null,
                    "payload": Object {
                      "element": <WrapperComponent
                        Component={[Function]}
                        context={null}
                        props={
                          Object {
                            "className": "",
                            "companyLink": "",
                            "companyLogo": "",
                            "companyName": "",
                            "expand": "md",
                            "fixed": false,
                            "leftItems": Array [],
                            "onItemClick": [Function],
                            "rightItems": Array [],
                            "transparent": false,
                          }
                        }
                      />,
                    },
                    "tag": 0,
                  },
                  "lastCapturedEffect": null,
                  "lastCapturedUpdate": null,
                  "lastEffect": null,
                  "lastUpdate": Object {
                    "callback": null,
                    "expirationTime": 1,
                    "next": null,
                    "nextEffect": null,
                    "payload": Object {
                      "element": <WrapperComponent
                        Component={[Function]}
                        context={null}
                        props={
                          Object {
                            "className": "",
                            "companyLink": "",
                            "companyLogo": "",
                            "companyName": "",
                            "expand": "md",
                            "fixed": false,
                            "leftItems": Array [],
                            "onItemClick": [Function],
                            "rightItems": Array [],
                            "transparent": false,
                          }
                        }
                      />,
                    },
                    "tag": 0,
                  },
                },
              },
              "child": [Circular],
              "effectTag": 32,
              "expirationTime": 0,
              "firstEffect": [Circular],
              "index": 0,
              "key": null,
              "lastEffect": [Circular],
              "memoizedProps": null,
              "memoizedState": Object {
                "element": <WrapperComponent
                  Component={[Function]}
                  context={null}
                  props={
                    Object {
                      "className": "",
                      "companyLink": "",
                      "companyLogo": "",
                      "companyName": "",
                      "expand": "md",
                      "fixed": false,
                      "leftItems": Array [],
                      "onItemClick": [Function],
                      "rightItems": Array [],
                      "transparent": false,
                    }
                  }
                />,
              },
              "mode": 0,
              "nextEffect": null,
              "pendingProps": null,
              "ref": null,
              "return": null,
              "selfBaseTime": 0,
              "sibling": null,
              "stateNode": Object {
                "containerInfo": <div>
                  <nav
                    class=" navbar navbar-expand-md Header"
                  >
                    <button
                      aria-label="Toggle navigation"
                      class="navbar-toggler mr-3 Header__Toggler"
                      data-toggle="collapse"
                      type="button"
                    >
                      <i
                        class="fa fa-bars"
                      />
                    </button>
                    <a
                      class="navbar-brand mr-auto Header__Brand d-flex align-items-center"
                      href=""
                    >
                      
                      
                    </a>
                  </nav>
                </div>,
                "context": Object {},
                "current": [Circular],
                "earliestPendingTime": 0,
                "earliestSuspendedTime": 0,
                "finishedWork": null,
                "firstBatch": null,
                "hydrate": false,
                "latestPendingTime": 0,
                "latestPingedTime": 0,
                "latestSuspendedTime": 0,
                "nextScheduledRoot": null,
                "pendingChildren": null,
                "pendingCommitExpirationTime": 0,
                "pendingContext": null,
                "remainingExpirationTime": 0,
              },
              "tag": 3,
              "treeBaseTime": 0,
              "type": null,
              "updateQueue": Object {
                "baseState": Object {
                  "element": <WrapperComponent
                    Component={[Function]}
                    context={null}
                    props={
                      Object {
                        "className": "",
                        "companyLink": "",
                        "companyLogo": "",
                        "companyName": "",
                        "expand": "md",
                        "fixed": false,
                        "leftItems": Array [],
                        "onItemClick": [Function],
                        "rightItems": Array [],
                        "transparent": false,
                      }
                    }
                  />,
                },
                "expirationTime": 0,
                "firstCapturedEffect": null,
                "firstCapturedUpdate": null,
                "firstEffect": null,
                "firstUpdate": null,
                "lastCapturedEffect": null,
                "lastCapturedUpdate": null,
                "lastEffect": null,
                "lastUpdate": null,
              },
            },
            "selfBaseTime": 0,
            "sibling": null,
            "stateNode": WrapperComponent {
              "_reactInternalFiber": [Circular],
              "_reactInternalInstance": Object {},
              "context": Object {},
              "props": Object {
                "Component": [Function],
                "context": null,
                "props": Object {
                  "className": "",
                  "companyLink": "",
                  "companyLogo": "",
                  "companyName": "",
                  "expand": "md",
                  "fixed": false,
                  "leftItems": Array [],
                  "onItemClick": [Function],
                  "rightItems": Array [],
                  "transparent": false,
                },
              },
              "refs": Object {},
              "state": Object {
                "context": null,
                "mount": true,
                "props": Object {
                  "className": "",
                  "companyLink": "",
                  "companyLogo": "",
                  "companyName": "",
                  "expand": "md",
                  "fixed": false,
                  "leftItems": Array [],
                  "onItemClick": [Function],
                  "rightItems": Array [],
                  "transparent": false,
                },
              },
              "updater": Object {
                "enqueueForceUpdate": [Function],
                "enqueueReplaceState": [Function],
                "enqueueSetState": [Function],
                "isMounted": [Function],
              },
            },
            "tag": 2,
            "treeBaseTime": 0,
            "type": [Function],
            "updateQueue": null,
          },
          "_debugSource": null,
          "actualDuration": 0,
          "actualStartTime": 0,
          "alternate": null,
          "child": FiberNode {
            "_debugID": 6,
            "_debugIsCurrentlyTiming": false,
            "_debugOwner": [Circular],
            "_debugSource": null,
            "actualDuration": 0,
            "actualStartTime": 0,
            "alternate": null,
            "child": FiberNode {
              "_debugID": 7,
              "_debugIsCurrentlyTiming": false,
              "_debugOwner": [Circular],
              "_debugSource": null,
              "actualDuration": 0,
              "actualStartTime": 0,
              "alternate": null,
              "child": FiberNode {
                "_debugID": 9,
                "_debugIsCurrentlyTiming": false,
                "_debugOwner": [Circular],
                "_debugSource": null,
                "actualDuration": 0,
                "actualStartTime": 0,
                "alternate": null,
                "child": null,
                "effectTag": 0,
                "expirationTime": 0,
                "firstEffect": null,
                "index": 0,
                "key": null,
                "lastEffect": null,
                "memoizedProps": Object {
                  "className": "fa fa-bars",
                },
                "memoizedState": null,
                "mode": 0,
                "nextEffect": null,
                "pendingProps": Object {
                  "className": "fa fa-bars",
                },
                "ref": null,
                "return": [Circular],
                "selfBaseTime": 0,
                "sibling": null,
                "stateNode": <i
                  class="fa fa-bars"
                />,
                "tag": 5,
                "treeBaseTime": 0,
                "type": "i",
                "updateQueue": null,
              },
              "effectTag": 0,
              "expirationTime": 0,
              "firstEffect": null,
              "index": 0,
              "key": null,
              "lastEffect": null,
              "memoizedProps": Object {
                "aria-label": "Toggle navigation",
                "children": <i
                  className="fa fa-bars"
                />,
                "className": "navbar-toggler mr-3 Header__Toggler",
                "data-toggle": "collapse",
                "onClick": [Function],
                "type": "button",
              },
              "memoizedState": null,
              "mode": 0,
              "nextEffect": null,
              "pendingProps": Object {
                "aria-label": "Toggle navigation",
                "children": <i
                  className="fa fa-bars"
                />,
                "className": "navbar-toggler mr-3 Header__Toggler",
                "data-toggle": "collapse",
                "onClick": [Function],
                "type": "button",
              },
              "ref": null,
              "return": [Circular],
              "selfBaseTime": 0,
              "sibling": FiberNode {
                "_debugID": 8,
                "_debugIsCurrentlyTiming": false,
                "_debugOwner": [Circular],
                "_debugSource": null,
                "actualDuration": 0,
                "actualStartTime": 0,
                "alternate": null,
                "child": FiberNode {
                  "_debugID": 10,
                  "_debugIsCurrentlyTiming": false,
                  "_debugOwner": null,
                  "_debugSource": null,
                  "actualDuration": 0,
                  "actualStartTime": 0,
                  "alternate": null,
                  "child": null,
                  "effectTag": 0,
                  "expirationTime": 0,
                  "firstEffect": null,
                  "index": 0,
                  "key": null,
                  "lastEffect": null,
                  "memoizedProps": "",
                  "memoizedState": null,
                  "mode": 0,
                  "nextEffect": null,
                  "pendingProps": "",
                  "ref": null,
                  "return": [Circular],
                  "selfBaseTime": 0,
                  "sibling": FiberNode {
                    "_debugID": 11,
                    "_debugIsCurrentlyTiming": false,
                    "_debugOwner": null,
                    "_debugSource": null,
                    "actualDuration": 0,
                    "actualStartTime": 0,
                    "alternate": null,
                    "child": null,
                    "effectTag": 0,
                    "expirationTime": 0,
                    "firstEffect": null,
                    "index": 1,
                    "key": null,
                    "lastEffect": null,
                    "memoizedProps": "",
                    "memoizedState": null,
                    "mode": 0,
                    "nextEffect": null,
                    "pendingProps": "",
                    "ref": null,
                    "return": [Circular],
                    "selfBaseTime": 0,
                    "sibling": null,
                    "stateNode": ,
                    "tag": 6,
                    "treeBaseTime": 0,
                    "type": null,
                    "updateQueue": null,
                  },
                  "stateNode": ,
                  "tag": 6,
                  "treeBaseTime": 0,
                  "type": null,
                  "updateQueue": null,
                },
                "effectTag": 0,
                "expirationTime": 0,
                "firstEffect": null,
                "index": 1,
                "key": null,
                "lastEffect": null,
                "memoizedProps": Object {
                  "children": Array [
                    "",
                    "",
                  ],
                  "className": "navbar-brand mr-auto Header__Brand d-flex align-items-center",
                  "href": "",
                },
                "memoizedState": null,
                "mode": 0,
                "nextEffect": null,
                "pendingProps": Object {
                  "children": Array [
                    "",
                    "",
                  ],
                  "className": "navbar-brand mr-auto Header__Brand d-flex align-items-center",
                  "href": "",
                },
                "ref": null,
                "return": [Circular],
                "selfBaseTime": 0,
                "sibling": null,
                "stateNode": <a
                  class="navbar-brand mr-auto Header__Brand d-flex align-items-center"
                  href=""
                >
                  
                  
                </a>,
                "tag": 5,
                "treeBaseTime": 0,
                "type": "a",
                "updateQueue": null,
              },
              "stateNode": <button
                aria-label="Toggle navigation"
                class="navbar-toggler mr-3 Header__Toggler"
                data-toggle="collapse"
                type="button"
              >
                <i
                  class="fa fa-bars"
                />
              </button>,
              "tag": 5,
              "treeBaseTime": 0,
              "type": "button",
              "updateQueue": null,
            },
            "effectTag": 0,
            "expirationTime": 0,
            "firstEffect": null,
            "index": 0,
            "key": null,
            "lastEffect": null,
            "memoizedProps": Object {
              "children": Array [
                <button
                  aria-label="Toggle navigation"
                  className="navbar-toggler mr-3 Header__Toggler"
                  data-toggle="collapse"
                  onClick={[Function]}
                  type="button"
                >
                  <i
                    className="fa fa-bars"
                  />
                </button>,
                <a
                  className="navbar-brand mr-auto Header__Brand d-flex align-items-center"
                  href=""
                >
                  
                  
                </a>,
                false,
                false,
                undefined,
              ],
              "className": " navbar navbar-expand-md Header",
            },
            "memoizedState": null,
            "mode": 0,
            "nextEffect": null,
            "pendingProps": Object {
              "children": Array [
                <button
                  aria-label="Toggle navigation"
                  className="navbar-toggler mr-3 Header__Toggler"
                  data-toggle="collapse"
                  onClick={[Function]}
                  type="button"
                >
                  <i
                    className="fa fa-bars"
                  />
                </button>,
                <a
                  className="navbar-brand mr-auto Header__Brand d-flex align-items-center"
                  href=""
                >
                  
                  
                </a>,
                false,
                false,
                undefined,
              ],
              "className": " navbar navbar-expand-md Header",
            },
            "ref": null,
            "return": [Circular],
            "selfBaseTime": 0,
            "sibling": null,
            "stateNode": <nav
              class=" navbar navbar-expand-md Header"
            >
              <button
                aria-label="Toggle navigation"
                class="navbar-toggler mr-3 Header__Toggler"
                data-toggle="collapse"
                type="button"
              >
                <i
                  class="fa fa-bars"
                />
              </button>
              <a
                class="navbar-brand mr-auto Header__Brand d-flex align-items-center"
                href=""
              >
                
                
              </a>
            </nav>,
            "tag": 5,
            "treeBaseTime": 0,
            "type": "nav",
            "updateQueue": null,
          },
          "effectTag": 1,
          "expirationTime": 0,
          "firstEffect": null,
          "index": 0,
          "key": null,
          "lastEffect": null,
          "memoizedProps": Object {
            "className": "",
            "companyLink": "",
            "companyLogo": "",
            "companyName": "",
            "expand": "md",
            "fixed": false,
            "leftItems": Array [],
            "onItemClick": [Function],
            "rightItems": Array [],
            "transparent": false,
          },
          "memoizedState": Object {
            "collapse": false,
          },
          "mode": 0,
          "nextEffect": null,
          "pendingProps": Object {
            "className": "",
            "companyLink": "",
            "companyLogo": "",
            "companyName": "",
            "expand": "md",
            "fixed": false,
            "leftItems": Array [],
            "onItemClick": [Function],
            "rightItems": Array [],
            "transparent": false,
          },
          "ref": null,
          "return": FiberNode {
            "_debugID": 4,
            "_debugIsCurrentlyTiming": false,
            "_debugOwner": null,
            "_debugSource": null,
            "actualDuration": 0,
            "actualStartTime": 0,
            "alternate": null,
            "child": [Circular],
            "effectTag": 1,
            "expirationTime": 0,
            "firstEffect": null,
            "index": 0,
            "key": null,
            "lastEffect": null,
            "memoizedProps": Object {
              "Component": [Function],
              "context": null,
              "props": Object {
                "className": "",
                "companyLink": "",
                "companyLogo": "",
                "companyName": "",
                "expand": "md",
                "fixed": false,
                "leftItems": Array [],
                "onItemClick": [Function],
                "rightItems": Array [],
                "transparent": false,
              },
            },
            "memoizedState": Object {
              "context": null,
              "mount": true,
              "props": Object {
                "className": "",
                "companyLink": "",
                "companyLogo": "",
                "companyName": "",
                "expand": "md",
                "fixed": false,
                "leftItems": Array [],
                "onItemClick": [Function],
                "rightItems": Array [],
                "transparent": false,
              },
            },
            "mode": 0,
            "nextEffect": null,
            "pendingProps": Object {
              "Component": [Function],
              "context": null,
              "props": Object {
                "className": "",
                "companyLink": "",
                "companyLogo": "",
                "companyName": "",
                "expand": "md",
                "fixed": false,
                "leftItems": Array [],
                "onItemClick": [Function],
                "rightItems": Array [],
                "transparent": false,
              },
            },
            "ref": null,
            "return": FiberNode {
              "_debugID": 1,
              "_debugIsCurrentlyTiming": false,
              "_debugOwner": null,
              "_debugSource": null,
              "actualDuration": 0,
              "actualStartTime": 0,
              "alternate": FiberNode {
                "_debugID": 1,
                "_debugIsCurrentlyTiming": false,
                "_debugOwner": null,
                "_debugSource": null,
                "actualDuration": 0,
                "actualStartTime": 0,
                "alternate": [Circular],
                "child": null,
                "effectTag": 0,
                "expirationTime": 1,
                "firstEffect": null,
                "index": 0,
                "key": null,
                "lastEffect": null,
                "memoizedProps": null,
                "memoizedState": null,
                "mode": 0,
                "nextEffect": null,
                "pendingProps": null,
                "ref": null,
                "return": null,
                "selfBaseTime": 0,
                "sibling": null,
                "stateNode": Object {
                  "containerInfo": <div>
                    <nav
                      class=" navbar navbar-expand-md Header"
                    >
                      <button
                        aria-label="Toggle navigation"
                        class="navbar-toggler mr-3 Header__Toggler"
                        data-toggle="collapse"
                        type="button"
                      >
                        <i
                          class="fa fa-bars"
                        />
                      </button>
                      <a
                        class="navbar-brand mr-auto Header__Brand d-flex align-items-center"
                        href=""
                      >
                        
                        
                      </a>
                    </nav>
                  </div>,
                  "context": Object {},
                  "current": [Circular],
                  "earliestPendingTime": 0,
                  "earliestSuspendedTime": 0,
                  "finishedWork": null,
                  "firstBatch": null,
                  "hydrate": false,
                  "latestPendingTime": 0,
                  "latestPingedTime": 0,
                  "latestSuspendedTime": 0,
                  "nextScheduledRoot": null,
                  "pendingChildren": null,
                  "pendingCommitExpirationTime": 0,
                  "pendingContext": null,
                  "remainingExpirationTime": 0,
                },
                "tag": 3,
                "treeBaseTime": 0,
                "type": null,
                "updateQueue": Object {
                  "baseState": null,
                  "expirationTime": 1,
                  "firstCapturedEffect": null,
                  "firstCapturedUpdate": null,
                  "firstEffect": null,
                  "firstUpdate": Object {
                    "callback": null,
                    "expirationTime": 1,
                    "next": null,
                    "nextEffect": null,
                    "payload": Object {
                      "element": <WrapperComponent
                        Component={[Function]}
                        context={null}
                        props={
                          Object {
                            "className": "",
                            "companyLink": "",
                            "companyLogo": "",
                            "companyName": "",
                            "expand": "md",
                            "fixed": false,
                            "leftItems": Array [],
                            "onItemClick": [Function],
                            "rightItems": Array [],
                            "transparent": false,
                          }
                        }
                      />,
                    },
                    "tag": 0,
                  },
                  "lastCapturedEffect": null,
                  "lastCapturedUpdate": null,
                  "lastEffect": null,
                  "lastUpdate": Object {
                    "callback": null,
                    "expirationTime": 1,
                    "next": null,
                    "nextEffect": null,
                    "payload": Object {
                      "element": <WrapperComponent
                        Component={[Function]}
                        context={null}
                        props={
                          Object {
                            "className": "",
                            "companyLink": "",
                            "companyLogo": "",
                            "companyName": "",
                            "expand": "md",
                            "fixed": false,
                            "leftItems": Array [],
                            "onItemClick": [Function],
                            "rightItems": Array [],
                            "transparent": false,
                          }
                        }
                      />,
                    },
                    "tag": 0,
                  },
                },
              },
              "child": [Circular],
              "effectTag": 32,
              "expirationTime": 0,
              "firstEffect": [Circular],
              "index": 0,
              "key": null,
              "lastEffect": [Circular],
              "memoizedProps": null,
              "memoizedState": Object {
                "element": <WrapperComponent
                  Component={[Function]}
                  context={null}
                  props={
                    Object {
                      "className": "",
                      "companyLink": "",
                      "companyLogo": "",
                      "companyName": "",
                      "expand": "md",
                      "fixed": false,
                      "leftItems": Array [],
                      "onItemClick": [Function],
                      "rightItems": Array [],
                      "transparent": false,
                    }
                  }
                />,
              },
              "mode": 0,
              "nextEffect": null,
              "pendingProps": null,
              "ref": null,
              "return": null,
              "selfBaseTime": 0,
              "sibling": null,
              "stateNode": Object {
                "containerInfo": <div>
                  <nav
                    class=" navbar navbar-expand-md Header"
                  >
                    <button
                      aria-label="Toggle navigation"
                      class="navbar-toggler mr-3 Header__Toggler"
                      data-toggle="collapse"
                      type="button"
                    >
                      <i
                        class="fa fa-bars"
                      />
                    </button>
                    <a
                      class="navbar-brand mr-auto Header__Brand d-flex align-items-center"
                      href=""
                    >
                      
                      
                    </a>
                  </nav>
                </div>,
                "context": Object {},
                "current": [Circular],
                "earliestPendingTime": 0,
                "earliestSuspendedTime": 0,
                "finishedWork": null,
                "firstBatch": null,
                "hydrate": false,
                "latestPendingTime": 0,
                "latestPingedTime": 0,
                "latestSuspendedTime": 0,
                "nextScheduledRoot": null,
                "pendingChildren": null,
                "pendingCommitExpirationTime": 0,
                "pendingContext": null,
                "remainingExpirationTime": 0,
              },
              "tag": 3,
              "treeBaseTime": 0,
              "type": null,
              "updateQueue": Object {
                "baseState": Object {
                  "element": <WrapperComponent
                    Component={[Function]}
                    context={null}
                    props={
                      Object {
                        "className": "",
                        "companyLink": "",
                        "companyLogo": "",
                        "companyName": "",
                        "expand": "md",
                        "fixed": false,
                        "leftItems": Array [],
                        "onItemClick": [Function],
                        "rightItems": Array [],
                        "transparent": false,
                      }
                    }
                  />,
                },
                "expirationTime": 0,
                "firstCapturedEffect": null,
                "firstCapturedUpdate": null,
                "firstEffect": null,
                "firstUpdate": null,
                "lastCapturedEffect": null,
                "lastCapturedUpdate": null,
                "lastEffect": null,
                "lastUpdate": null,
              },
            },
            "selfBaseTime": 0,
            "sibling": null,
            "stateNode": WrapperComponent {
              "_reactInternalFiber": [Circular],
              "_reactInternalInstance": Object {},
              "context": Object {},
              "props": Object {
                "Component": [Function],
                "context": null,
                "props": Object {
                  "className": "",
                  "companyLink": "",
                  "companyLogo": "",
                  "companyName": "",
                  "expand": "md",
                  "fixed": false,
                  "leftItems": Array [],
                  "onItemClick": [Function],
                  "rightItems": Array [],
                  "transparent": false,
                },
              },
              "refs": Object {},
              "state": Object {
                "context": null,
                "mount": true,
                "props": Object {
                  "className": "",
                  "companyLink": "",
                  "companyLogo": "",
                  "companyName": "",
                  "expand": "md",
                  "fixed": false,
                  "leftItems": Array [],
                  "onItemClick": [Function],
                  "rightItems": Array [],
                  "transparent": false,
                },
              },
              "updater": Object {
                "enqueueForceUpdate": [Function],
                "enqueueReplaceState": [Function],
                "enqueueSetState": [Function],
                "isMounted": [Function],
              },
            },
            "tag": 2,
            "treeBaseTime": 0,
            "type": [Function],
            "updateQueue": null,
          },
          "selfBaseTime": 0,
          "sibling": null,
          "stateNode": [Circular],
          "tag": 2,
          "treeBaseTime": 0,
          "type": [Function],
          "updateQueue": Object {
            "baseState": Object {
              "collapse": false,
            },
            "expirationTime": 0,
            "firstCapturedEffect": null,
            "firstCapturedUpdate": null,
            "firstEffect": null,
            "firstUpdate": null,
            "lastCapturedEffect": null,
            "lastCapturedUpdate": null,
            "lastEffect": null,
            "lastUpdate": null,
          },
        },
        "_reactInternalInstance": Object {},
        "collapse": [Function],
        "context": Object {},
        "props": Object {
          "className": "",
          "companyLink": "",
          "companyLogo": "",
          "companyName": "",
          "expand": "md",
          "fixed": false,
          "leftItems": Array [],
          "onItemClick": [Function],
          "rightItems": Array [],
          "transparent": false,
        },
        "refs": Object {},
        "state": Object {
          "collapse": false,
        },
        "updater": Object {
          "enqueueForceUpdate": [Function],
          "enqueueReplaceState": [Function],
          "enqueueSetState": [Function],
          "isMounted": [Function],
        },
      },
      "key": undefined,
      "nodeType": "class",
      "props": Object {
        "className": "",
        "companyLink": "",
        "companyLogo": "",
        "companyName": "",
        "expand": "md",
        "fixed": false,
        "leftItems": Array [],
        "onItemClick": [Function],
        "rightItems": Array [],
        "transparent": false,
      },
      "ref": null,
      "rendered": Object {
        "instance": <nav
          class=" navbar navbar-expand-md Header"
        >
          <button
            aria-label="Toggle navigation"
            class="navbar-toggler mr-3 Header__Toggler"
            data-toggle="collapse"
            type="button"
          >
            <i
              class="fa fa-bars"
            />
          </button>
          <a
            class="navbar-brand mr-auto Header__Brand d-flex align-items-center"
            href=""
          >
            
            
          </a>
        </nav>,
        "key": undefined,
        "nodeType": "host",
        "props": Object {
          "children": Array [
            <button
              aria-label="Toggle navigation"
              className="navbar-toggler mr-3 Header__Toggler"
              data-toggle="collapse"
              onClick={[Function]}
              type="button"
            >
              <i
                className="fa fa-bars"
              />
            </button>,
            <a
              className="navbar-brand mr-auto Header__Brand d-flex align-items-center"
              href=""
            >
              
              
            </a>,
            false,
            false,
            undefined,
          ],
          "className": " navbar navbar-expand-md Header",
        },
        "ref": null,
        "rendered": Array [
          Object {
            "instance": <button
              aria-label="Toggle navigation"
              class="navbar-toggler mr-3 Header__Toggler"
              data-toggle="collapse"
              type="button"
            >
              <i
                class="fa fa-bars"
              />
            </button>,
            "key": undefined,
            "nodeType": "host",
            "props": Object {
              "aria-label": "Toggle navigation",
              "children": <i
                className="fa fa-bars"
              />,
              "className": "navbar-toggler mr-3 Header__Toggler",
              "data-toggle": "collapse",
              "onClick": [Function],
              "type": "button",
            },
            "ref": null,
            "rendered": Array [
              Object {
                "instance": <i
                  class="fa fa-bars"
                />,
                "key": undefined,
                "nodeType": "host",
                "props": Object {
                  "className": "fa fa-bars",
                },
                "ref": null,
                "rendered": Array [
                  undefined,
                ],
                "type": "i",
              },
            ],
            "type": "button",
          },
          Object {
            "instance": <a
              class="navbar-brand mr-auto Header__Brand d-flex align-items-center"
              href=""
            >
              
              
            </a>,
            "key": undefined,
            "nodeType": "host",
            "props": Object {
              "children": Array [
                "",
                "",
              ],
              "className": "navbar-brand mr-auto Header__Brand d-flex align-items-center",
              "href": "",
            },
            "ref": null,
            "rendered": Array [
              "",
              "",
            ],
            "type": "a",
          },
        ],
        "type": "nav",
      },
      "type": [Function],
    },
  ],
  Symbol(enzyme.__options__): Object {
    "adapter": ReactSixteenAdapter {
      "options": Object {
        "enableComponentDidUpdateOnSetState": true,
      },
    },
  },
}
`;
