// Jest Snapshot v1, https://goo.gl/fbAQLP

exports[`Hero Hero should render 1`] = `
ShallowWrapper {
  "length": 1,
  Symbol(enzyme.__root__): [Circular],
  Symbol(enzyme.__unrendered__): <Hero
    backgroundColor="transparent"
    buttons={Array []}
    header=""
    image="https://front10.com/img/header-bg.jpg"
    isCentered={true}
    isFixed={true}
    minHeight="100vh"
    opacity={0}
    overlayColor="#fff"
    parallaxOffset={0}
    particles={true}
    particlesParams={Object {}}
    subHeader=""
    subHeaderPosition="bottom"
  />,
  Symbol(enzyme.__renderer__): Object {
    "batchedUpdates": [Function],
    "getNode": [Function],
    "render": [Function],
    "simulateEvent": [Function],
    "unmount": [Function],
  },
  Symbol(enzyme.__node__): Object {
    "instance": null,
    "key": undefined,
    "nodeType": "host",
    "props": Object {
      "className": "Hero",
      "style": Object {
        "backgroundColor": "transparent",
      },
    },
    "ref": null,
    "rendered": null,
    "type": "div",
  },
  Symbol(enzyme.__nodes__): Array [
    Object {
      "instance": null,
      "key": undefined,
      "nodeType": "host",
      "props": Object {
        "className": "Hero",
        "style": Object {
          "backgroundColor": "transparent",
        },
      },
      "ref": null,
      "rendered": null,
      "type": "div",
    },
  ],
  Symbol(enzyme.__options__): Object {
    "adapter": ReactSixteenAdapter {
      "options": Object {
        "enableComponentDidUpdateOnSetState": true,
      },
    },
  },
}
`;
